// Jest Snapshot v1, https://goo.gl/fbAQLP

exports[`getDirectiveDeclaration should be defined 1`] = `
Object {
  "args": Object {},
  "astNode": undefined,
  "description": undefined,
  "extensions": undefined,
  "isRepeatable": false,
  "locations": Array [
    "FIELD_DEFINITION",
  ],
  "name": "isAuthenticated",
}
`;

exports[`if call resolver if Authorization header is set to correct value 1`] = `
Object {
  "data": Object {
    "me": Object {
      "id": Any<String>,
      "isAdmin": Any<Boolean>,
      "username": Any<String>,
    },
  },
}
`;
